2026-02-12 12:26:14,866 - INFO - Using pretrained encoder weights: ./outputs/optuna_studies/cl_optuna_small_loc1-6_v1/best_encoder_small.pth
2026-02-12 12:26:14,866 - INFO - Hyperparameters:
2026-02-12 12:26:14,866 - INFO - MODEL: small
2026-02-12 12:26:14,866 - INFO - DATA_SELECTION: loc1-6
2026-02-12 12:26:14,866 - INFO - DATA_CSV_PATH: ./data/processed/datasets/data_1-6.csv
2026-02-12 12:26:14,866 - INFO - MAIN_DATA_DIR: ./data/processed/datasets
2026-02-12 12:26:14,866 - INFO - REPRESENTATION: spectrogram
2026-02-12 12:26:14,866 - INFO - MEL: OFF
2026-02-12 12:26:14,866 - INFO - SAMPLING_RATE: 16000
2026-02-12 12:26:14,866 - INFO - N_FFT: 1024
2026-02-12 12:26:14,866 - INFO - HOP_LENGTH: 512
2026-02-12 12:26:14,866 - INFO - BATCH_SIZE: 32
2026-02-12 12:26:14,866 - INFO - EPOCHS: 100
2026-02-12 12:26:14,866 - INFO - LR: 0.001
2026-02-12 12:26:14,866 - INFO - ENCODER_LR: 0.001
2026-02-12 12:26:14,866 - INFO - FREEZE_ENCODER: False
2026-02-12 12:26:14,866 - INFO - LOSS: mse
2026-02-12 12:26:14,866 - INFO - HIDDEN_DIM: 128
2026-02-12 12:26:14,866 - INFO - DROPOUT: 0.0
2026-02-12 12:26:14,866 - INFO - TEST_SPLIT: 0.2
2026-02-12 12:26:14,866 - INFO - SEED: 42
2026-02-12 12:26:14,866 - INFO - OUTPUT_DIR: /home/jeong-lab/Documents/tobeson/traffic-analysis/outputs/speed_prediction/cl_optuna_small_loc1-6_v1
2026-02-12 12:26:15,035 - INFO - Using device: cuda
2026-02-12 12:26:15,605 - INFO - sample_spectrogram: speed 106, loc1, car, left
2026-02-12 12:26:21,863 - INFO - Speed stats -> count=1200 min=23.00 max=109.00 mean=51.56 std=20.82
2026-02-12 12:26:21,863 - INFO - feature range after normalisation: min=-77.856697 max=38.314186
2026-02-12 12:26:22,978 - INFO - Epoch 1/100 -> train_loss=3225.7960 val_loss=1949.3999
2026-02-12 12:26:22,979 - INFO - Updated best model (epoch 1, val_loss=1949.3999)
2026-02-12 12:26:23,260 - INFO - Epoch 2/100 -> train_loss=1789.2539 val_loss=1506.4925
2026-02-12 12:26:23,262 - INFO - Updated best model (epoch 2, val_loss=1506.4925)
2026-02-12 12:26:23,550 - INFO - Epoch 3/100 -> train_loss=1278.8176 val_loss=940.3496
2026-02-12 12:26:23,551 - INFO - Updated best model (epoch 3, val_loss=940.3496)
2026-02-12 12:26:23,841 - INFO - Epoch 4/100 -> train_loss=673.3487 val_loss=481.9115
2026-02-12 12:26:23,842 - INFO - Updated best model (epoch 4, val_loss=481.9115)
2026-02-12 12:26:24,128 - INFO - Epoch 5/100 -> train_loss=375.3201 val_loss=341.3420
2026-02-12 12:26:24,129 - INFO - Updated best model (epoch 5, val_loss=341.3420)
2026-02-12 12:26:24,416 - INFO - Epoch 6/100 -> train_loss=276.3391 val_loss=238.9797
2026-02-12 12:26:24,417 - INFO - Updated best model (epoch 6, val_loss=238.9797)
2026-02-12 12:26:24,700 - INFO - Epoch 7/100 -> train_loss=207.3976 val_loss=183.8070
2026-02-12 12:26:24,701 - INFO - Updated best model (epoch 7, val_loss=183.8070)
2026-02-12 12:26:24,990 - INFO - Epoch 8/100 -> train_loss=153.1485 val_loss=141.0103
2026-02-12 12:26:24,991 - INFO - Updated best model (epoch 8, val_loss=141.0103)
2026-02-12 12:26:25,278 - INFO - Epoch 9/100 -> train_loss=126.6110 val_loss=125.0457
2026-02-12 12:26:25,279 - INFO - Updated best model (epoch 9, val_loss=125.0457)
2026-02-12 12:26:25,563 - INFO - Epoch 10/100 -> train_loss=110.7334 val_loss=105.2040
2026-02-12 12:26:25,564 - INFO - Updated best model (epoch 10, val_loss=105.2040)
2026-02-12 12:26:25,850 - INFO - Epoch 11/100 -> train_loss=101.3669 val_loss=97.7934
2026-02-12 12:26:25,851 - INFO - Updated best model (epoch 11, val_loss=97.7934)
2026-02-12 12:26:26,134 - INFO - Epoch 12/100 -> train_loss=100.4252 val_loss=113.8472
2026-02-12 12:26:26,419 - INFO - Epoch 13/100 -> train_loss=100.3223 val_loss=102.5684
2026-02-12 12:26:26,682 - INFO - Epoch 14/100 -> train_loss=91.6700 val_loss=83.5264
2026-02-12 12:26:26,683 - INFO - Updated best model (epoch 14, val_loss=83.5264)
2026-02-12 12:26:26,949 - INFO - Epoch 15/100 -> train_loss=85.0660 val_loss=123.5914
2026-02-12 12:26:27,210 - INFO - Epoch 16/100 -> train_loss=104.8406 val_loss=93.7222
2026-02-12 12:26:27,470 - INFO - Epoch 17/100 -> train_loss=70.2211 val_loss=77.4919
2026-02-12 12:26:27,471 - INFO - Updated best model (epoch 17, val_loss=77.4919)
2026-02-12 12:26:27,732 - INFO - Epoch 18/100 -> train_loss=66.5084 val_loss=74.2289
2026-02-12 12:26:27,733 - INFO - Updated best model (epoch 18, val_loss=74.2289)
2026-02-12 12:26:27,993 - INFO - Epoch 19/100 -> train_loss=64.4782 val_loss=76.3708
2026-02-12 12:26:28,254 - INFO - Epoch 20/100 -> train_loss=62.1799 val_loss=77.1269
2026-02-12 12:26:28,514 - INFO - Epoch 21/100 -> train_loss=61.3974 val_loss=66.7329
2026-02-12 12:26:28,515 - INFO - Updated best model (epoch 21, val_loss=66.7329)
2026-02-12 12:26:28,775 - INFO - Epoch 22/100 -> train_loss=55.7459 val_loss=67.0045
2026-02-12 12:26:29,038 - INFO - Epoch 23/100 -> train_loss=71.1269 val_loss=77.8233
2026-02-12 12:26:29,294 - INFO - Epoch 24/100 -> train_loss=61.8934 val_loss=60.0935
2026-02-12 12:26:29,295 - INFO - Updated best model (epoch 24, val_loss=60.0935)
2026-02-12 12:26:29,557 - INFO - Epoch 25/100 -> train_loss=55.3252 val_loss=70.0955
2026-02-12 12:26:29,819 - INFO - Epoch 26/100 -> train_loss=51.0719 val_loss=58.4709
2026-02-12 12:26:29,820 - INFO - Updated best model (epoch 26, val_loss=58.4709)
2026-02-12 12:26:30,080 - INFO - Epoch 27/100 -> train_loss=49.3559 val_loss=57.2954
2026-02-12 12:26:30,081 - INFO - Updated best model (epoch 27, val_loss=57.2954)
2026-02-12 12:26:30,339 - INFO - Epoch 28/100 -> train_loss=46.2014 val_loss=59.5925
2026-02-12 12:26:30,598 - INFO - Epoch 29/100 -> train_loss=54.0578 val_loss=106.4006
2026-02-12 12:26:30,856 - INFO - Epoch 30/100 -> train_loss=49.1934 val_loss=57.7430
2026-02-12 12:26:31,117 - INFO - Epoch 31/100 -> train_loss=42.0246 val_loss=51.9492
2026-02-12 12:26:31,118 - INFO - Updated best model (epoch 31, val_loss=51.9492)
2026-02-12 12:26:31,377 - INFO - Epoch 32/100 -> train_loss=40.8532 val_loss=53.8575
2026-02-12 12:26:31,638 - INFO - Epoch 33/100 -> train_loss=82.6084 val_loss=77.8892
2026-02-12 12:26:31,898 - INFO - Epoch 34/100 -> train_loss=55.3081 val_loss=50.6892
2026-02-12 12:26:31,899 - INFO - Updated best model (epoch 34, val_loss=50.6892)
2026-02-12 12:26:32,160 - INFO - Epoch 35/100 -> train_loss=39.2499 val_loss=49.1412
2026-02-12 12:26:32,161 - INFO - Updated best model (epoch 35, val_loss=49.1412)
2026-02-12 12:26:32,425 - INFO - Epoch 36/100 -> train_loss=39.4811 val_loss=48.3700
2026-02-12 12:26:32,426 - INFO - Updated best model (epoch 36, val_loss=48.3700)
2026-02-12 12:26:32,686 - INFO - Epoch 37/100 -> train_loss=40.5707 val_loss=47.4802
2026-02-12 12:26:32,688 - INFO - Updated best model (epoch 37, val_loss=47.4802)
2026-02-12 12:26:32,948 - INFO - Epoch 38/100 -> train_loss=36.1573 val_loss=43.8086
2026-02-12 12:26:32,949 - INFO - Updated best model (epoch 38, val_loss=43.8086)
2026-02-12 12:26:33,207 - INFO - Epoch 39/100 -> train_loss=39.0804 val_loss=76.4249
2026-02-12 12:26:33,466 - INFO - Epoch 40/100 -> train_loss=64.8621 val_loss=57.9206
2026-02-12 12:26:33,725 - INFO - Epoch 41/100 -> train_loss=54.6780 val_loss=100.9496
2026-02-12 12:26:33,985 - INFO - Epoch 42/100 -> train_loss=50.8286 val_loss=44.2701
2026-02-12 12:26:34,242 - INFO - Epoch 43/100 -> train_loss=34.2394 val_loss=44.3936
2026-02-12 12:26:34,503 - INFO - Epoch 44/100 -> train_loss=31.8890 val_loss=42.1219
2026-02-12 12:26:34,504 - INFO - Updated best model (epoch 44, val_loss=42.1219)
2026-02-12 12:26:34,766 - INFO - Epoch 45/100 -> train_loss=29.7973 val_loss=40.5511
2026-02-12 12:26:34,767 - INFO - Updated best model (epoch 45, val_loss=40.5511)
2026-02-12 12:26:35,033 - INFO - Epoch 46/100 -> train_loss=29.7690 val_loss=42.6508
2026-02-12 12:26:35,298 - INFO - Epoch 47/100 -> train_loss=29.5681 val_loss=40.2289
2026-02-12 12:26:35,299 - INFO - Updated best model (epoch 47, val_loss=40.2289)
2026-02-12 12:26:35,557 - INFO - Epoch 48/100 -> train_loss=28.0917 val_loss=44.0436
2026-02-12 12:26:35,815 - INFO - Epoch 49/100 -> train_loss=28.6106 val_loss=39.4994
2026-02-12 12:26:35,816 - INFO - Updated best model (epoch 49, val_loss=39.4994)
2026-02-12 12:26:36,074 - INFO - Epoch 50/100 -> train_loss=26.4844 val_loss=39.4662
2026-02-12 12:26:36,075 - INFO - Updated best model (epoch 50, val_loss=39.4662)
2026-02-12 12:26:36,335 - INFO - Epoch 51/100 -> train_loss=33.3119 val_loss=39.2098
2026-02-12 12:26:36,336 - INFO - Updated best model (epoch 51, val_loss=39.2098)
2026-02-12 12:26:36,596 - INFO - Epoch 52/100 -> train_loss=27.4986 val_loss=37.5483
2026-02-12 12:26:36,597 - INFO - Updated best model (epoch 52, val_loss=37.5483)
2026-02-12 12:26:36,856 - INFO - Epoch 53/100 -> train_loss=25.6083 val_loss=36.4379
2026-02-12 12:26:36,857 - INFO - Updated best model (epoch 53, val_loss=36.4379)
2026-02-12 12:26:37,117 - INFO - Epoch 54/100 -> train_loss=24.9601 val_loss=38.6455
2026-02-12 12:26:37,377 - INFO - Epoch 55/100 -> train_loss=26.6228 val_loss=35.7617
2026-02-12 12:26:37,378 - INFO - Updated best model (epoch 55, val_loss=35.7617)
2026-02-12 12:26:37,637 - INFO - Epoch 56/100 -> train_loss=24.6557 val_loss=34.9929
2026-02-12 12:26:37,638 - INFO - Updated best model (epoch 56, val_loss=34.9929)
2026-02-12 12:26:37,897 - INFO - Epoch 57/100 -> train_loss=24.7911 val_loss=34.2466
2026-02-12 12:26:37,898 - INFO - Updated best model (epoch 57, val_loss=34.2466)
2026-02-12 12:26:38,158 - INFO - Epoch 58/100 -> train_loss=24.2894 val_loss=35.9079
2026-02-12 12:26:38,417 - INFO - Epoch 59/100 -> train_loss=26.0424 val_loss=49.5470
2026-02-12 12:26:38,677 - INFO - Epoch 60/100 -> train_loss=31.4825 val_loss=44.4491
2026-02-12 12:26:38,938 - INFO - Epoch 61/100 -> train_loss=28.7414 val_loss=40.6992
2026-02-12 12:26:39,196 - INFO - Epoch 62/100 -> train_loss=22.6547 val_loss=34.0788
2026-02-12 12:26:39,197 - INFO - Updated best model (epoch 62, val_loss=34.0788)
2026-02-12 12:26:39,456 - INFO - Epoch 63/100 -> train_loss=26.6535 val_loss=34.4781
2026-02-12 12:26:39,717 - INFO - Epoch 64/100 -> train_loss=22.3922 val_loss=34.6746
2026-02-12 12:26:39,986 - INFO - Epoch 65/100 -> train_loss=22.5762 val_loss=33.1538
2026-02-12 12:26:39,987 - INFO - Updated best model (epoch 65, val_loss=33.1538)
2026-02-12 12:26:40,246 - INFO - Epoch 66/100 -> train_loss=20.4349 val_loss=33.0937
2026-02-12 12:26:40,247 - INFO - Updated best model (epoch 66, val_loss=33.0937)
2026-02-12 12:26:40,507 - INFO - Epoch 67/100 -> train_loss=21.9553 val_loss=32.9812
2026-02-12 12:26:40,508 - INFO - Updated best model (epoch 67, val_loss=32.9812)
2026-02-12 12:26:40,772 - INFO - Epoch 68/100 -> train_loss=20.7614 val_loss=31.8243
2026-02-12 12:26:40,773 - INFO - Updated best model (epoch 68, val_loss=31.8243)
2026-02-12 12:26:41,033 - INFO - Epoch 69/100 -> train_loss=20.5810 val_loss=32.1604
2026-02-12 12:26:41,296 - INFO - Epoch 70/100 -> train_loss=20.0357 val_loss=31.3869
2026-02-12 12:26:41,297 - INFO - Updated best model (epoch 70, val_loss=31.3869)
2026-02-12 12:26:41,558 - INFO - Epoch 71/100 -> train_loss=20.3461 val_loss=31.5532
2026-02-12 12:26:41,820 - INFO - Epoch 72/100 -> train_loss=25.3603 val_loss=33.9399
2026-02-12 12:26:42,088 - INFO - Epoch 73/100 -> train_loss=28.0667 val_loss=34.1443
2026-02-12 12:26:42,348 - INFO - Epoch 74/100 -> train_loss=26.9895 val_loss=30.9657
2026-02-12 12:26:42,349 - INFO - Updated best model (epoch 74, val_loss=30.9657)
2026-02-12 12:26:42,607 - INFO - Epoch 75/100 -> train_loss=20.6962 val_loss=33.3773
2026-02-12 12:26:42,870 - INFO - Epoch 76/100 -> train_loss=18.8283 val_loss=29.6012
2026-02-12 12:26:42,871 - INFO - Updated best model (epoch 76, val_loss=29.6012)
2026-02-12 12:26:43,128 - INFO - Epoch 77/100 -> train_loss=18.4503 val_loss=29.6483
2026-02-12 12:26:43,390 - INFO - Epoch 78/100 -> train_loss=17.8562 val_loss=30.7575
2026-02-12 12:26:43,648 - INFO - Epoch 79/100 -> train_loss=18.5303 val_loss=29.2103
2026-02-12 12:26:43,649 - INFO - Updated best model (epoch 79, val_loss=29.2103)
2026-02-12 12:26:43,908 - INFO - Epoch 80/100 -> train_loss=17.8107 val_loss=29.1434
2026-02-12 12:26:43,909 - INFO - Updated best model (epoch 80, val_loss=29.1434)
2026-02-12 12:26:44,170 - INFO - Epoch 81/100 -> train_loss=17.5868 val_loss=29.3064
2026-02-12 12:26:44,430 - INFO - Epoch 82/100 -> train_loss=17.3482 val_loss=29.9333
2026-02-12 12:26:44,690 - INFO - Epoch 83/100 -> train_loss=17.3286 val_loss=29.2311
2026-02-12 12:26:44,950 - INFO - Epoch 84/100 -> train_loss=17.3879 val_loss=27.2028
2026-02-12 12:26:44,951 - INFO - Updated best model (epoch 84, val_loss=27.2028)
2026-02-12 12:26:45,209 - INFO - Epoch 85/100 -> train_loss=16.0101 val_loss=28.2837
2026-02-12 12:26:45,470 - INFO - Epoch 86/100 -> train_loss=17.0930 val_loss=27.2642
2026-02-12 12:26:45,731 - INFO - Epoch 87/100 -> train_loss=17.9470 val_loss=28.9814
2026-02-12 12:26:45,993 - INFO - Epoch 88/100 -> train_loss=17.2845 val_loss=28.8290
2026-02-12 12:26:46,261 - INFO - Epoch 89/100 -> train_loss=16.4797 val_loss=28.3699
2026-02-12 12:26:46,526 - INFO - Epoch 90/100 -> train_loss=35.3225 val_loss=57.5509
2026-02-12 12:26:46,785 - INFO - Epoch 91/100 -> train_loss=27.7015 val_loss=31.1717
2026-02-12 12:26:47,046 - INFO - Epoch 92/100 -> train_loss=18.7296 val_loss=28.9856
2026-02-12 12:26:47,306 - INFO - Epoch 93/100 -> train_loss=16.6020 val_loss=35.1904
2026-02-12 12:26:47,566 - INFO - Epoch 94/100 -> train_loss=17.7132 val_loss=27.7738
2026-02-12 12:26:47,824 - INFO - Epoch 95/100 -> train_loss=15.9422 val_loss=27.1383
2026-02-12 12:26:47,825 - INFO - Updated best model (epoch 95, val_loss=27.1383)
2026-02-12 12:26:48,085 - INFO - Epoch 96/100 -> train_loss=16.6982 val_loss=29.9724
2026-02-12 12:26:48,348 - INFO - Epoch 97/100 -> train_loss=18.2047 val_loss=28.1269
2026-02-12 12:26:48,605 - INFO - Epoch 98/100 -> train_loss=15.6928 val_loss=26.8183
2026-02-12 12:26:48,606 - INFO - Updated best model (epoch 98, val_loss=26.8183)
2026-02-12 12:26:48,865 - INFO - Epoch 99/100 -> train_loss=14.8868 val_loss=26.3923
2026-02-12 12:26:48,866 - INFO - Updated best model (epoch 99, val_loss=26.3923)
2026-02-12 12:26:49,128 - INFO - Epoch 100/100 -> train_loss=14.4170 val_loss=27.5014
2026-02-12 12:26:49,129 - INFO - Saved last model to /home/jeong-lab/Documents/tobeson/traffic-analysis/outputs/speed_prediction/cl_optuna_small_loc1-6_v1/last_speed_regressor_mse.pth
2026-02-12 12:26:49,206 - INFO - Saved loss curve to /home/jeong-lab/Documents/tobeson/traffic-analysis/outputs/speed_prediction/cl_optuna_small_loc1-6_v1/loss_curve.png
2026-02-12 12:26:49,208 - INFO - Loaded best checkpoint from epoch 99
2026-02-12 12:26:49,208 - INFO - Evaluating best model on training set…
2026-02-12 12:26:49,346 - INFO - Saved predictions to /home/jeong-lab/Documents/tobeson/traffic-analysis/outputs/speed_prediction/cl_optuna_small_loc1-6_v1/train_predictions_mse.csv
2026-02-12 12:26:49,346 - INFO - Train metrics -> count=960 MAE=2.8693 RMSE=3.7330 ME=0.4765 R2=0.9685 MAPE=6.21%
2026-02-12 12:26:49,347 - INFO - Train fit equation: y = -3.52206e-05 * x^3 + 0.00714436 * x^2 + 0.499822 * x + 11.6533
2026-02-12 12:26:49,347 - INFO - Evaluating best model on validation set…
2026-02-12 12:26:49,380 - INFO - Saved predictions to /home/jeong-lab/Documents/tobeson/traffic-analysis/outputs/speed_prediction/cl_optuna_small_loc1-6_v1/val_predictions_mse.csv
2026-02-12 12:26:49,380 - INFO - Val metrics -> count=240 MAE=3.8168 RMSE=5.1373 ME=0.3493 R2=0.9328 MAPE=8.27%
2026-02-12 12:26:49,380 - INFO - Val fit equation: y = 3.50218e-06 * x^3 + 0.000827352 * x^2 + 0.788889 * x + 7.89493
2026-02-12 12:26:49,380 - INFO - Final losses -> train=13.9350 val=26.3923
2026-02-12 12:26:49,462 - INFO - Saved scatter plot to /home/jeong-lab/Documents/tobeson/traffic-analysis/outputs/speed_prediction/cl_optuna_small_loc1-6_v1/train_scatter_mse.png
2026-02-12 12:26:49,548 - INFO - Saved scatter plot to /home/jeong-lab/Documents/tobeson/traffic-analysis/outputs/speed_prediction/cl_optuna_small_loc1-6_v1/val_scatter_mse.png
