2026-02-11 19:13:08,550 - INFO - Using pretrained encoder weights: ./outputs/optuna_studies/cl_arcface_optuna_resnet18_loc1-6_v1/best_encoder_resnet18.pth
2026-02-11 19:13:08,550 - INFO - Hyperparameters:
2026-02-11 19:13:08,550 - INFO - MODEL: resnet18
2026-02-11 19:13:08,550 - INFO - DATA_SELECTION: loc1-6
2026-02-11 19:13:08,550 - INFO - DATA_CSV_PATH: ./data/processed/datasets/data_1-6.csv
2026-02-11 19:13:08,550 - INFO - MAIN_DATA_DIR: ./data/processed/datasets
2026-02-11 19:13:08,550 - INFO - REPRESENTATION: spectrogram
2026-02-11 19:13:08,550 - INFO - MEL: OFF
2026-02-11 19:13:08,550 - INFO - SAMPLING_RATE: 16000
2026-02-11 19:13:08,550 - INFO - N_FFT: 1024
2026-02-11 19:13:08,550 - INFO - HOP_LENGTH: 160
2026-02-11 19:13:08,550 - INFO - BATCH_SIZE: 32
2026-02-11 19:13:08,550 - INFO - EPOCHS: 100
2026-02-11 19:13:08,550 - INFO - LR: 0.001
2026-02-11 19:13:08,550 - INFO - ENCODER_LR: 0.001
2026-02-11 19:13:08,550 - INFO - FREEZE_ENCODER: False
2026-02-11 19:13:08,550 - INFO - LOSS: mse
2026-02-11 19:13:08,550 - INFO - HIDDEN_DIM: 128
2026-02-11 19:13:08,550 - INFO - DROPOUT: 0.0
2026-02-11 19:13:08,550 - INFO - TEST_SPLIT: 0.2
2026-02-11 19:13:08,550 - INFO - SEED: 42
2026-02-11 19:13:08,550 - INFO - OUTPUT_DIR: /home/jeong-lab/Documents/tobeson/traffic-analysis/outputs/speed_prediction/cl_arcface_optuna_resnet18_loc1-6_v1
2026-02-11 19:13:08,600 - INFO - Using device: cuda
2026-02-11 19:13:09,078 - INFO - sample_spectrogram: speed 106, loc1, car, left
2026-02-11 19:13:18,270 - INFO - Speed stats -> count=1200 min=23.00 max=109.00 mean=51.56 std=20.82
2026-02-11 19:13:18,270 - INFO - feature range after normalisation: min=-77.740166 max=38.731632
2026-02-11 19:14:23,457 - INFO - Epoch 1/100 -> train_loss=779.9374 val_loss=164.2093
2026-02-11 19:14:23,488 - INFO - Updated best model (epoch 1, val_loss=164.2093)
2026-02-11 19:15:27,499 - INFO - Epoch 2/100 -> train_loss=198.7701 val_loss=223.1432
2026-02-11 19:16:31,465 - INFO - Epoch 3/100 -> train_loss=174.5229 val_loss=137.8311
2026-02-11 19:16:31,522 - INFO - Updated best model (epoch 3, val_loss=137.8311)
2026-02-11 19:17:35,405 - INFO - Epoch 4/100 -> train_loss=166.0614 val_loss=142.8251
2026-02-11 19:18:39,271 - INFO - Epoch 5/100 -> train_loss=152.7677 val_loss=190.4526
2026-02-11 19:19:43,160 - INFO - Epoch 6/100 -> train_loss=164.1428 val_loss=210.3043
2026-02-11 19:20:47,054 - INFO - Epoch 7/100 -> train_loss=145.3920 val_loss=165.9909
2026-02-11 19:21:50,966 - INFO - Epoch 8/100 -> train_loss=152.0047 val_loss=154.8697
2026-02-11 19:22:54,892 - INFO - Epoch 9/100 -> train_loss=142.4790 val_loss=108.4450
2026-02-11 19:22:54,964 - INFO - Updated best model (epoch 9, val_loss=108.4450)
2026-02-11 19:23:58,897 - INFO - Epoch 10/100 -> train_loss=119.7345 val_loss=435.6685
2026-02-11 19:25:02,844 - INFO - Epoch 11/100 -> train_loss=144.1267 val_loss=95.3917
2026-02-11 19:25:02,899 - INFO - Updated best model (epoch 11, val_loss=95.3917)
2026-02-11 19:26:06,855 - INFO - Epoch 12/100 -> train_loss=99.2019 val_loss=84.5872
2026-02-11 19:26:06,911 - INFO - Updated best model (epoch 12, val_loss=84.5872)
2026-02-11 19:27:10,851 - INFO - Epoch 13/100 -> train_loss=94.5749 val_loss=68.4717
2026-02-11 19:27:10,907 - INFO - Updated best model (epoch 13, val_loss=68.4717)
2026-02-11 19:28:15,006 - INFO - Epoch 14/100 -> train_loss=90.9433 val_loss=70.8470
2026-02-11 19:29:19,096 - INFO - Epoch 15/100 -> train_loss=92.5256 val_loss=73.7107
2026-02-11 19:30:23,028 - INFO - Epoch 16/100 -> train_loss=91.5276 val_loss=52.9270
2026-02-11 19:30:23,084 - INFO - Updated best model (epoch 16, val_loss=52.9270)
2026-02-11 19:31:27,011 - INFO - Epoch 17/100 -> train_loss=71.8147 val_loss=50.5761
2026-02-11 19:31:27,067 - INFO - Updated best model (epoch 17, val_loss=50.5761)
2026-02-11 19:32:30,985 - INFO - Epoch 18/100 -> train_loss=74.4433 val_loss=59.9309
2026-02-11 19:33:34,949 - INFO - Epoch 19/100 -> train_loss=62.1297 val_loss=47.9696
2026-02-11 19:33:35,005 - INFO - Updated best model (epoch 19, val_loss=47.9696)
2026-02-11 19:34:38,945 - INFO - Epoch 20/100 -> train_loss=62.3472 val_loss=83.1429
2026-02-11 19:35:42,888 - INFO - Epoch 21/100 -> train_loss=103.1874 val_loss=113.9273
2026-02-11 19:36:46,836 - INFO - Epoch 22/100 -> train_loss=81.7180 val_loss=47.8562
2026-02-11 19:36:46,894 - INFO - Updated best model (epoch 22, val_loss=47.8562)
2026-02-11 19:37:50,816 - INFO - Epoch 23/100 -> train_loss=65.9493 val_loss=47.3501
2026-02-11 19:37:50,873 - INFO - Updated best model (epoch 23, val_loss=47.3501)
2026-02-11 19:38:54,787 - INFO - Epoch 24/100 -> train_loss=58.7780 val_loss=61.5996
2026-02-11 19:39:58,742 - INFO - Epoch 25/100 -> train_loss=68.3280 val_loss=49.2359
2026-02-11 19:41:02,675 - INFO - Epoch 26/100 -> train_loss=64.2112 val_loss=40.6814
2026-02-11 19:41:02,731 - INFO - Updated best model (epoch 26, val_loss=40.6814)
2026-02-11 19:42:06,657 - INFO - Epoch 27/100 -> train_loss=68.8531 val_loss=35.4127
2026-02-11 19:42:06,713 - INFO - Updated best model (epoch 27, val_loss=35.4127)
2026-02-11 19:43:10,648 - INFO - Epoch 28/100 -> train_loss=51.1778 val_loss=87.8807
2026-02-11 19:44:14,613 - INFO - Epoch 29/100 -> train_loss=58.2518 val_loss=41.7083
2026-02-11 19:45:18,555 - INFO - Epoch 30/100 -> train_loss=61.7966 val_loss=57.1010
2026-02-11 19:46:22,854 - INFO - Epoch 31/100 -> train_loss=52.4319 val_loss=42.9026
2026-02-11 19:47:25,867 - INFO - Epoch 32/100 -> train_loss=53.3924 val_loss=42.6060
2026-02-11 19:48:27,815 - INFO - Epoch 33/100 -> train_loss=48.4267 val_loss=34.6398
2026-02-11 19:48:27,871 - INFO - Updated best model (epoch 33, val_loss=34.6398)
2026-02-11 19:49:29,794 - INFO - Epoch 34/100 -> train_loss=47.7560 val_loss=29.1207
2026-02-11 19:49:29,864 - INFO - Updated best model (epoch 34, val_loss=29.1207)
2026-02-11 19:50:31,767 - INFO - Epoch 35/100 -> train_loss=51.1242 val_loss=33.5297
2026-02-11 19:51:33,700 - INFO - Epoch 36/100 -> train_loss=53.2448 val_loss=54.1709
2026-02-11 19:52:35,627 - INFO - Epoch 37/100 -> train_loss=42.5538 val_loss=61.6976
2026-02-11 19:53:37,555 - INFO - Epoch 38/100 -> train_loss=45.7165 val_loss=33.3892
2026-02-11 19:54:39,474 - INFO - Epoch 39/100 -> train_loss=47.8159 val_loss=71.3528
2026-02-11 19:55:41,393 - INFO - Epoch 40/100 -> train_loss=42.6584 val_loss=31.3348
2026-02-11 19:56:43,315 - INFO - Epoch 41/100 -> train_loss=54.8514 val_loss=47.8162
2026-02-11 19:57:45,238 - INFO - Epoch 42/100 -> train_loss=46.1206 val_loss=35.1509
2026-02-11 19:58:47,159 - INFO - Epoch 43/100 -> train_loss=43.6339 val_loss=53.7808
2026-02-11 19:59:49,081 - INFO - Epoch 44/100 -> train_loss=43.4223 val_loss=50.1401
2026-02-11 20:00:51,014 - INFO - Epoch 45/100 -> train_loss=48.1073 val_loss=40.4749
2026-02-11 20:01:52,938 - INFO - Epoch 46/100 -> train_loss=35.0128 val_loss=25.0474
2026-02-11 20:01:52,996 - INFO - Updated best model (epoch 46, val_loss=25.0474)
2026-02-11 20:02:54,905 - INFO - Epoch 47/100 -> train_loss=37.4877 val_loss=23.0627
2026-02-11 20:02:54,962 - INFO - Updated best model (epoch 47, val_loss=23.0627)
2026-02-11 20:03:56,840 - INFO - Epoch 48/100 -> train_loss=33.5922 val_loss=32.9504
2026-02-11 20:04:58,740 - INFO - Epoch 49/100 -> train_loss=46.1594 val_loss=160.5650
2026-02-11 20:06:00,635 - INFO - Epoch 50/100 -> train_loss=35.6575 val_loss=24.9598
2026-02-11 20:07:02,545 - INFO - Epoch 51/100 -> train_loss=36.1848 val_loss=28.1896
2026-02-11 20:08:04,428 - INFO - Epoch 52/100 -> train_loss=40.7231 val_loss=32.8003
2026-02-11 20:09:06,316 - INFO - Epoch 53/100 -> train_loss=36.2159 val_loss=25.3992
2026-02-11 20:10:08,217 - INFO - Epoch 54/100 -> train_loss=33.7025 val_loss=20.6226
2026-02-11 20:10:08,274 - INFO - Updated best model (epoch 54, val_loss=20.6226)
2026-02-11 20:11:10,179 - INFO - Epoch 55/100 -> train_loss=29.1041 val_loss=23.5265
2026-02-11 20:12:12,088 - INFO - Epoch 56/100 -> train_loss=31.0336 val_loss=46.3879
2026-02-11 20:13:14,009 - INFO - Epoch 57/100 -> train_loss=49.2131 val_loss=64.8451
2026-02-11 20:14:15,892 - INFO - Epoch 58/100 -> train_loss=35.1640 val_loss=22.3901
2026-02-11 20:15:17,787 - INFO - Epoch 59/100 -> train_loss=32.0139 val_loss=43.4353
2026-02-11 20:16:19,686 - INFO - Epoch 60/100 -> train_loss=34.7075 val_loss=48.5561
2026-02-11 20:17:21,567 - INFO - Epoch 61/100 -> train_loss=33.7756 val_loss=27.9118
2026-02-11 20:18:23,455 - INFO - Epoch 62/100 -> train_loss=34.8212 val_loss=63.1189
2026-02-11 20:19:25,353 - INFO - Epoch 63/100 -> train_loss=47.7940 val_loss=52.1910
2026-02-11 20:20:27,232 - INFO - Epoch 64/100 -> train_loss=31.3782 val_loss=41.0807
2026-02-11 20:21:29,137 - INFO - Epoch 65/100 -> train_loss=25.7681 val_loss=27.8685
2026-02-11 20:22:31,050 - INFO - Epoch 66/100 -> train_loss=38.0173 val_loss=21.5612
2026-02-11 20:23:32,934 - INFO - Epoch 67/100 -> train_loss=37.7448 val_loss=22.1671
2026-02-11 20:24:34,820 - INFO - Epoch 68/100 -> train_loss=31.3151 val_loss=34.5764
2026-02-11 20:25:36,714 - INFO - Epoch 69/100 -> train_loss=23.0188 val_loss=28.9094
2026-02-11 20:26:38,581 - INFO - Epoch 70/100 -> train_loss=27.1612 val_loss=21.9762
2026-02-11 20:27:40,476 - INFO - Epoch 71/100 -> train_loss=32.3076 val_loss=36.8276
2026-02-11 20:28:42,382 - INFO - Epoch 72/100 -> train_loss=34.4883 val_loss=26.8842
2026-02-11 20:29:44,253 - INFO - Epoch 73/100 -> train_loss=28.2287 val_loss=25.6142
2026-02-11 20:30:46,139 - INFO - Epoch 74/100 -> train_loss=32.9850 val_loss=42.2916
2026-02-11 20:31:48,031 - INFO - Epoch 75/100 -> train_loss=37.3879 val_loss=47.9769
2026-02-11 20:32:49,925 - INFO - Epoch 76/100 -> train_loss=36.6419 val_loss=21.6169
2026-02-11 20:33:51,821 - INFO - Epoch 77/100 -> train_loss=23.6724 val_loss=23.9437
2026-02-11 20:34:53,707 - INFO - Epoch 78/100 -> train_loss=38.4758 val_loss=62.7434
2026-02-11 20:35:55,609 - INFO - Epoch 79/100 -> train_loss=44.1661 val_loss=54.1231
2026-02-11 20:36:57,513 - INFO - Epoch 80/100 -> train_loss=37.3793 val_loss=78.6074
2026-02-11 20:37:59,408 - INFO - Epoch 81/100 -> train_loss=34.9540 val_loss=46.1126
2026-02-11 20:39:01,309 - INFO - Epoch 82/100 -> train_loss=22.0604 val_loss=33.5930
2026-02-11 20:40:03,195 - INFO - Epoch 83/100 -> train_loss=25.5956 val_loss=29.8390
2026-02-11 20:41:05,095 - INFO - Epoch 84/100 -> train_loss=26.8980 val_loss=26.3838
2026-02-11 20:42:07,007 - INFO - Epoch 85/100 -> train_loss=28.4232 val_loss=30.1323
2026-02-11 20:43:08,895 - INFO - Epoch 86/100 -> train_loss=24.4456 val_loss=34.9938
2026-02-11 20:44:10,789 - INFO - Epoch 87/100 -> train_loss=21.8399 val_loss=34.1006
2026-02-11 20:45:12,692 - INFO - Epoch 88/100 -> train_loss=42.0781 val_loss=91.5048
2026-02-11 20:46:14,564 - INFO - Epoch 89/100 -> train_loss=23.1395 val_loss=19.9862
2026-02-11 20:46:14,623 - INFO - Updated best model (epoch 89, val_loss=19.9862)
2026-02-11 20:47:16,517 - INFO - Epoch 90/100 -> train_loss=36.3455 val_loss=57.7002
2026-02-11 20:48:18,426 - INFO - Epoch 91/100 -> train_loss=39.1245 val_loss=24.9210
2026-02-11 20:49:20,331 - INFO - Epoch 92/100 -> train_loss=32.3685 val_loss=47.2965
2026-02-11 20:50:22,224 - INFO - Epoch 93/100 -> train_loss=19.6328 val_loss=26.0962
2026-02-11 20:51:24,122 - INFO - Epoch 94/100 -> train_loss=22.8877 val_loss=22.8097
2026-02-11 20:52:26,005 - INFO - Epoch 95/100 -> train_loss=23.9686 val_loss=18.9696
2026-02-11 20:52:26,063 - INFO - Updated best model (epoch 95, val_loss=18.9696)
2026-02-11 20:53:27,941 - INFO - Epoch 96/100 -> train_loss=22.6893 val_loss=30.4254
2026-02-11 20:54:29,821 - INFO - Epoch 97/100 -> train_loss=23.9832 val_loss=21.5906
2026-02-11 20:55:31,691 - INFO - Epoch 98/100 -> train_loss=27.8242 val_loss=76.9010
2026-02-11 20:56:33,568 - INFO - Epoch 99/100 -> train_loss=17.2491 val_loss=19.9272
2026-02-11 20:57:35,459 - INFO - Epoch 100/100 -> train_loss=27.8949 val_loss=28.0319
2026-02-11 20:57:35,490 - INFO - Saved last model to /home/jeong-lab/Documents/tobeson/traffic-analysis/outputs/speed_prediction/cl_arcface_optuna_resnet18_loc1-6_v1/last_speed_regressor_mse.pth
2026-02-11 20:57:35,570 - INFO - Saved loss curve to /home/jeong-lab/Documents/tobeson/traffic-analysis/outputs/speed_prediction/cl_arcface_optuna_resnet18_loc1-6_v1/loss_curve.png
2026-02-11 20:57:35,587 - INFO - Loaded best checkpoint from epoch 95
2026-02-11 20:57:35,587 - INFO - Evaluating best model on training set…
2026-02-11 20:57:49,599 - INFO - Saved predictions to /home/jeong-lab/Documents/tobeson/traffic-analysis/outputs/speed_prediction/cl_arcface_optuna_resnet18_loc1-6_v1/train_predictions_mse.csv
2026-02-11 20:57:49,599 - INFO - Train metrics -> count=960 MAE=1.8540 RMSE=2.3679 ME=0.3532 R2=0.9873 MAPE=4.15%
2026-02-11 20:57:49,600 - INFO - Train fit equation: y = -1.81498e-05 * x^3 + 0.00470839 * x^2 + 0.628042 * x + 8.81884
2026-02-11 20:57:49,600 - INFO - Evaluating best model on validation set…
2026-02-11 20:57:53,106 - INFO - Saved predictions to /home/jeong-lab/Documents/tobeson/traffic-analysis/outputs/speed_prediction/cl_arcface_optuna_resnet18_loc1-6_v1/val_predictions_mse.csv
2026-02-11 20:57:53,106 - INFO - Val metrics -> count=240 MAE=3.2848 RMSE=4.3554 ME=0.0256 R2=0.9517 MAPE=6.84%
2026-02-11 20:57:53,106 - INFO - Val fit equation: y = 2.1063e-06 * x^3 + 0.00134619 * x^2 + 0.773837 * x + 7.07597
2026-02-11 20:57:53,106 - INFO - Final losses -> train=5.6071 val=18.9696
2026-02-11 20:57:53,187 - INFO - Saved scatter plot to /home/jeong-lab/Documents/tobeson/traffic-analysis/outputs/speed_prediction/cl_arcface_optuna_resnet18_loc1-6_v1/train_scatter_mse.png
2026-02-11 20:57:53,264 - INFO - Saved scatter plot to /home/jeong-lab/Documents/tobeson/traffic-analysis/outputs/speed_prediction/cl_arcface_optuna_resnet18_loc1-6_v1/val_scatter_mse.png
