2026-02-11 16:58:51,936 - INFO - Using pretrained encoder weights: ./outputs/optuna_studies/cl_optuna_resnet18_loc1-6_v1/best_encoder_resnet18.pth
2026-02-11 16:58:51,936 - INFO - Hyperparameters:
2026-02-11 16:58:51,936 - INFO - MODEL: resnet18
2026-02-11 16:58:51,936 - INFO - DATA_SELECTION: loc1-6
2026-02-11 16:58:51,936 - INFO - DATA_CSV_PATH: ./data/processed/datasets/data_1-6.csv
2026-02-11 16:58:51,936 - INFO - MAIN_DATA_DIR: ./data/processed/datasets
2026-02-11 16:58:51,936 - INFO - REPRESENTATION: spectrogram
2026-02-11 16:58:51,936 - INFO - MEL: OFF
2026-02-11 16:58:51,936 - INFO - SAMPLING_RATE: 16000
2026-02-11 16:58:51,936 - INFO - N_FFT: 1024
2026-02-11 16:58:51,936 - INFO - HOP_LENGTH: 160
2026-02-11 16:58:51,936 - INFO - BATCH_SIZE: 32
2026-02-11 16:58:51,936 - INFO - EPOCHS: 100
2026-02-11 16:58:51,936 - INFO - LR: 0.001
2026-02-11 16:58:51,936 - INFO - ENCODER_LR: 0.001
2026-02-11 16:58:51,936 - INFO - FREEZE_ENCODER: False
2026-02-11 16:58:51,936 - INFO - LOSS: mse
2026-02-11 16:58:51,936 - INFO - HIDDEN_DIM: 128
2026-02-11 16:58:51,936 - INFO - DROPOUT: 0.0
2026-02-11 16:58:51,936 - INFO - TEST_SPLIT: 0.2
2026-02-11 16:58:51,936 - INFO - SEED: 42
2026-02-11 16:58:51,936 - INFO - OUTPUT_DIR: /home/jeong-lab/Documents/tobeson/traffic-analysis/outputs/speed_prediction/cl_optuna_resnet18_loc1-6_v1
2026-02-11 16:58:51,989 - INFO - Using device: cuda
2026-02-11 16:58:52,473 - INFO - sample_spectrogram: speed 106, loc1, car, left
2026-02-11 16:59:01,686 - INFO - Speed stats -> count=1200 min=23.00 max=109.00 mean=51.56 std=20.82
2026-02-11 16:59:01,686 - INFO - feature range after normalisation: min=-77.740166 max=38.731632
2026-02-11 17:00:06,754 - INFO - Epoch 1/100 -> train_loss=1290.4355 val_loss=571.7932
2026-02-11 17:00:06,784 - INFO - Updated best model (epoch 1, val_loss=571.7932)
2026-02-11 17:01:10,743 - INFO - Epoch 2/100 -> train_loss=200.5797 val_loss=261.9686
2026-02-11 17:01:10,801 - INFO - Updated best model (epoch 2, val_loss=261.9686)
2026-02-11 17:02:14,713 - INFO - Epoch 3/100 -> train_loss=171.8511 val_loss=280.8768
2026-02-11 17:03:18,615 - INFO - Epoch 4/100 -> train_loss=159.1907 val_loss=208.4139
2026-02-11 17:03:18,672 - INFO - Updated best model (epoch 4, val_loss=208.4139)
2026-02-11 17:04:22,553 - INFO - Epoch 5/100 -> train_loss=148.3259 val_loss=105.4112
2026-02-11 17:04:22,610 - INFO - Updated best model (epoch 5, val_loss=105.4112)
2026-02-11 17:05:26,466 - INFO - Epoch 6/100 -> train_loss=139.3361 val_loss=206.4892
2026-02-11 17:06:30,331 - INFO - Epoch 7/100 -> train_loss=135.7907 val_loss=198.2197
2026-02-11 17:07:34,219 - INFO - Epoch 8/100 -> train_loss=123.3548 val_loss=121.4443
2026-02-11 17:08:38,117 - INFO - Epoch 9/100 -> train_loss=122.2597 val_loss=153.7209
2026-02-11 17:09:42,017 - INFO - Epoch 10/100 -> train_loss=115.8083 val_loss=239.0286
2026-02-11 17:10:45,920 - INFO - Epoch 11/100 -> train_loss=131.7640 val_loss=204.3243
2026-02-11 17:11:49,798 - INFO - Epoch 12/100 -> train_loss=106.0206 val_loss=130.1183
2026-02-11 17:12:53,872 - INFO - Epoch 13/100 -> train_loss=96.5736 val_loss=192.1303
2026-02-11 17:13:57,765 - INFO - Epoch 14/100 -> train_loss=91.6157 val_loss=77.0498
2026-02-11 17:13:57,821 - INFO - Updated best model (epoch 14, val_loss=77.0498)
2026-02-11 17:15:01,724 - INFO - Epoch 15/100 -> train_loss=98.9115 val_loss=264.5233
2026-02-11 17:16:05,615 - INFO - Epoch 16/100 -> train_loss=92.2974 val_loss=74.3129
2026-02-11 17:16:05,671 - INFO - Updated best model (epoch 16, val_loss=74.3129)
2026-02-11 17:17:09,584 - INFO - Epoch 17/100 -> train_loss=70.3498 val_loss=114.8529
2026-02-11 17:18:13,491 - INFO - Epoch 18/100 -> train_loss=70.9717 val_loss=57.0926
2026-02-11 17:18:13,547 - INFO - Updated best model (epoch 18, val_loss=57.0926)
2026-02-11 17:19:17,447 - INFO - Epoch 19/100 -> train_loss=58.3061 val_loss=61.1778
2026-02-11 17:20:21,335 - INFO - Epoch 20/100 -> train_loss=62.8108 val_loss=207.2023
2026-02-11 17:21:25,241 - INFO - Epoch 21/100 -> train_loss=98.7546 val_loss=147.5824
2026-02-11 17:22:29,155 - INFO - Epoch 22/100 -> train_loss=72.7061 val_loss=228.6076
2026-02-11 17:23:33,074 - INFO - Epoch 23/100 -> train_loss=69.8172 val_loss=69.9112
2026-02-11 17:24:36,976 - INFO - Epoch 24/100 -> train_loss=55.7752 val_loss=46.9807
2026-02-11 17:24:37,053 - INFO - Updated best model (epoch 24, val_loss=46.9807)
2026-02-11 17:25:40,975 - INFO - Epoch 25/100 -> train_loss=67.4060 val_loss=170.8199
2026-02-11 17:26:44,928 - INFO - Epoch 26/100 -> train_loss=54.7235 val_loss=266.1244
2026-02-11 17:27:48,863 - INFO - Epoch 27/100 -> train_loss=71.9845 val_loss=50.3255
2026-02-11 17:28:52,805 - INFO - Epoch 28/100 -> train_loss=44.7080 val_loss=64.7704
2026-02-11 17:29:56,725 - INFO - Epoch 29/100 -> train_loss=39.9797 val_loss=46.8683
2026-02-11 17:29:56,780 - INFO - Updated best model (epoch 29, val_loss=46.8683)
2026-02-11 17:31:00,733 - INFO - Epoch 30/100 -> train_loss=51.9308 val_loss=72.5049
2026-02-11 17:32:04,655 - INFO - Epoch 31/100 -> train_loss=37.2180 val_loss=80.1130
2026-02-11 17:33:08,609 - INFO - Epoch 32/100 -> train_loss=40.0402 val_loss=84.7486
2026-02-11 17:34:12,550 - INFO - Epoch 33/100 -> train_loss=31.2741 val_loss=57.4358
2026-02-11 17:35:16,469 - INFO - Epoch 34/100 -> train_loss=33.4087 val_loss=69.7579
2026-02-11 17:36:20,422 - INFO - Epoch 35/100 -> train_loss=31.7166 val_loss=65.3654
2026-02-11 17:37:24,339 - INFO - Epoch 36/100 -> train_loss=32.9015 val_loss=55.5322
2026-02-11 17:38:28,244 - INFO - Epoch 37/100 -> train_loss=24.6880 val_loss=56.4670
2026-02-11 17:39:32,144 - INFO - Epoch 38/100 -> train_loss=27.0251 val_loss=62.3566
2026-02-11 17:40:36,102 - INFO - Epoch 39/100 -> train_loss=27.7312 val_loss=150.5293
2026-02-11 17:41:40,052 - INFO - Epoch 40/100 -> train_loss=22.0158 val_loss=146.8574
2026-02-11 17:42:44,008 - INFO - Epoch 41/100 -> train_loss=34.2378 val_loss=90.1215
2026-02-11 17:43:47,957 - INFO - Epoch 42/100 -> train_loss=29.4314 val_loss=111.1949
2026-02-11 17:44:51,897 - INFO - Epoch 43/100 -> train_loss=28.0006 val_loss=117.4461
2026-02-11 17:45:55,847 - INFO - Epoch 44/100 -> train_loss=24.2004 val_loss=54.9286
2026-02-11 17:46:59,797 - INFO - Epoch 45/100 -> train_loss=29.9242 val_loss=52.1673
2026-02-11 17:48:03,739 - INFO - Epoch 46/100 -> train_loss=15.4346 val_loss=54.2995
2026-02-11 17:49:07,678 - INFO - Epoch 47/100 -> train_loss=18.8865 val_loss=51.1908
2026-02-11 17:50:11,629 - INFO - Epoch 48/100 -> train_loss=16.2587 val_loss=46.4530
2026-02-11 17:50:11,687 - INFO - Updated best model (epoch 48, val_loss=46.4530)
2026-02-11 17:51:15,649 - INFO - Epoch 49/100 -> train_loss=26.1220 val_loss=66.9768
2026-02-11 17:52:19,617 - INFO - Epoch 50/100 -> train_loss=20.6346 val_loss=48.5267
2026-02-11 17:53:23,571 - INFO - Epoch 51/100 -> train_loss=18.1022 val_loss=54.1059
2026-02-11 17:54:27,529 - INFO - Epoch 52/100 -> train_loss=23.4266 val_loss=131.7685
2026-02-11 17:55:31,496 - INFO - Epoch 53/100 -> train_loss=20.7517 val_loss=53.7851
2026-02-11 17:56:35,485 - INFO - Epoch 54/100 -> train_loss=20.1898 val_loss=85.0309
2026-02-11 17:57:39,456 - INFO - Epoch 55/100 -> train_loss=14.7014 val_loss=47.1432
2026-02-11 17:58:43,446 - INFO - Epoch 56/100 -> train_loss=14.8123 val_loss=46.7124
2026-02-11 17:59:47,429 - INFO - Epoch 57/100 -> train_loss=32.3412 val_loss=81.4571
2026-02-11 18:00:51,405 - INFO - Epoch 58/100 -> train_loss=21.1049 val_loss=51.9035
2026-02-11 18:01:55,370 - INFO - Epoch 59/100 -> train_loss=17.7916 val_loss=77.8422
2026-02-11 18:02:59,355 - INFO - Epoch 60/100 -> train_loss=24.9205 val_loss=58.6880
2026-02-11 18:04:03,324 - INFO - Epoch 61/100 -> train_loss=18.5056 val_loss=51.5190
2026-02-11 18:05:07,297 - INFO - Epoch 62/100 -> train_loss=19.6161 val_loss=52.0623
2026-02-11 18:06:11,252 - INFO - Epoch 63/100 -> train_loss=28.9939 val_loss=73.9794
2026-02-11 18:07:15,233 - INFO - Epoch 64/100 -> train_loss=12.4935 val_loss=50.2351
2026-02-11 18:08:19,178 - INFO - Epoch 65/100 -> train_loss=10.9721 val_loss=52.3441
2026-02-11 18:09:23,431 - INFO - Epoch 66/100 -> train_loss=22.2920 val_loss=53.2626
2026-02-11 18:10:27,453 - INFO - Epoch 67/100 -> train_loss=26.5033 val_loss=56.2741
2026-02-11 18:11:31,452 - INFO - Epoch 68/100 -> train_loss=18.7493 val_loss=118.9265
2026-02-11 18:12:35,427 - INFO - Epoch 69/100 -> train_loss=10.3685 val_loss=63.1592
2026-02-11 18:13:39,398 - INFO - Epoch 70/100 -> train_loss=15.1274 val_loss=55.4848
2026-02-11 18:14:43,371 - INFO - Epoch 71/100 -> train_loss=16.9373 val_loss=65.3657
2026-02-11 18:15:47,374 - INFO - Epoch 72/100 -> train_loss=20.6390 val_loss=54.4818
2026-02-11 18:16:51,382 - INFO - Epoch 73/100 -> train_loss=16.4212 val_loss=61.6174
2026-02-11 18:17:55,384 - INFO - Epoch 74/100 -> train_loss=20.5611 val_loss=49.7149
2026-02-11 18:18:59,339 - INFO - Epoch 75/100 -> train_loss=26.8633 val_loss=125.6649
2026-02-11 18:20:03,327 - INFO - Epoch 76/100 -> train_loss=23.1960 val_loss=54.2508
2026-02-11 18:21:07,333 - INFO - Epoch 77/100 -> train_loss=14.0049 val_loss=52.8266
2026-02-11 18:22:11,300 - INFO - Epoch 78/100 -> train_loss=24.3983 val_loss=69.8818
2026-02-11 18:23:15,270 - INFO - Epoch 79/100 -> train_loss=31.8570 val_loss=93.5738
2026-02-11 18:24:19,259 - INFO - Epoch 80/100 -> train_loss=25.2636 val_loss=64.1300
2026-02-11 18:25:23,247 - INFO - Epoch 81/100 -> train_loss=21.1808 val_loss=54.9594
2026-02-11 18:26:27,236 - INFO - Epoch 82/100 -> train_loss=13.2622 val_loss=54.5470
2026-02-11 18:27:31,211 - INFO - Epoch 83/100 -> train_loss=15.8720 val_loss=51.1590
2026-02-11 18:28:35,190 - INFO - Epoch 84/100 -> train_loss=17.2934 val_loss=58.0160
2026-02-11 18:29:39,178 - INFO - Epoch 85/100 -> train_loss=16.4958 val_loss=55.7327
2026-02-11 18:30:43,169 - INFO - Epoch 86/100 -> train_loss=14.0982 val_loss=55.3437
2026-02-11 18:31:47,144 - INFO - Epoch 87/100 -> train_loss=12.3256 val_loss=53.7936
2026-02-11 18:32:51,126 - INFO - Epoch 88/100 -> train_loss=20.4480 val_loss=233.0282
2026-02-11 18:33:55,111 - INFO - Epoch 89/100 -> train_loss=20.5604 val_loss=84.9819
2026-02-11 18:34:59,098 - INFO - Epoch 90/100 -> train_loss=19.6729 val_loss=57.7965
2026-02-11 18:36:03,086 - INFO - Epoch 91/100 -> train_loss=22.9801 val_loss=56.4780
2026-02-11 18:37:07,054 - INFO - Epoch 92/100 -> train_loss=20.8234 val_loss=50.5845
2026-02-11 18:38:11,038 - INFO - Epoch 93/100 -> train_loss=12.8570 val_loss=51.3334
2026-02-11 18:39:15,044 - INFO - Epoch 94/100 -> train_loss=15.5818 val_loss=57.2310
2026-02-11 18:40:19,032 - INFO - Epoch 95/100 -> train_loss=15.7835 val_loss=53.0307
2026-02-11 18:41:23,014 - INFO - Epoch 96/100 -> train_loss=18.7134 val_loss=56.6569
2026-02-11 18:42:26,980 - INFO - Epoch 97/100 -> train_loss=16.2674 val_loss=51.0041
2026-02-11 18:43:30,940 - INFO - Epoch 98/100 -> train_loss=18.9761 val_loss=85.2302
2026-02-11 18:44:34,876 - INFO - Epoch 99/100 -> train_loss=11.3821 val_loss=53.3962
2026-02-11 18:45:38,842 - INFO - Epoch 100/100 -> train_loss=15.5960 val_loss=47.1327
2026-02-11 18:45:38,872 - INFO - Saved last model to /home/jeong-lab/Documents/tobeson/traffic-analysis/outputs/speed_prediction/cl_optuna_resnet18_loc1-6_v1/last_speed_regressor_mse.pth
2026-02-11 18:45:38,948 - INFO - Saved loss curve to /home/jeong-lab/Documents/tobeson/traffic-analysis/outputs/speed_prediction/cl_optuna_resnet18_loc1-6_v1/loss_curve.png
2026-02-11 18:45:38,967 - INFO - Loaded best checkpoint from epoch 48
2026-02-11 18:45:38,967 - INFO - Evaluating best model on training set…
2026-02-11 18:45:53,500 - INFO - Saved predictions to /home/jeong-lab/Documents/tobeson/traffic-analysis/outputs/speed_prediction/cl_optuna_resnet18_loc1-6_v1/train_predictions_mse.csv
2026-02-11 18:45:53,501 - INFO - Train metrics -> count=960 MAE=1.5986 RMSE=2.0295 ME=-0.0501 R2=0.9907 MAPE=3.41%
2026-02-11 18:45:53,502 - INFO - Train fit equation: y = -2.42324e-05 * x^3 + 0.0049992 * x^2 + 0.651627 * x + 7.59752
2026-02-11 18:45:53,502 - INFO - Evaluating best model on validation set…
2026-02-11 18:45:57,138 - INFO - Saved predictions to /home/jeong-lab/Documents/tobeson/traffic-analysis/outputs/speed_prediction/cl_optuna_resnet18_loc1-6_v1/val_predictions_mse.csv
2026-02-11 18:45:57,138 - INFO - Val metrics -> count=240 MAE=4.9997 RMSE=6.8156 ME=-0.3003 R2=0.8818 MAPE=10.18%
2026-02-11 18:45:57,138 - INFO - Val fit equation: y = -5.98277e-05 * x^3 + 0.00864851 * x^2 + 0.511573 * x + 10.6082
2026-02-11 18:45:57,138 - INFO - Final losses -> train=4.1189 val=46.4530
2026-02-11 18:45:57,220 - INFO - Saved scatter plot to /home/jeong-lab/Documents/tobeson/traffic-analysis/outputs/speed_prediction/cl_optuna_resnet18_loc1-6_v1/train_scatter_mse.png
2026-02-11 18:45:57,307 - INFO - Saved scatter plot to /home/jeong-lab/Documents/tobeson/traffic-analysis/outputs/speed_prediction/cl_optuna_resnet18_loc1-6_v1/val_scatter_mse.png
