2026-02-11 21:24:06,224 - INFO - Using pretrained encoder weights: ./outputs/optuna_studies/log_optuna_resnet18_loc1-6_v1/best_encoder_resnet18.pth
2026-02-11 21:24:06,224 - INFO - Hyperparameters:
2026-02-11 21:24:06,224 - INFO - MODEL: resnet18
2026-02-11 21:24:06,225 - INFO - DATA_SELECTION: loc1-6
2026-02-11 21:24:06,225 - INFO - DATA_CSV_PATH: ./data/processed/datasets/data_1-6.csv
2026-02-11 21:24:06,225 - INFO - MAIN_DATA_DIR: ./data/processed/datasets
2026-02-11 21:24:06,225 - INFO - REPRESENTATION: spectrogram
2026-02-11 21:24:06,225 - INFO - MEL: OFF
2026-02-11 21:24:06,225 - INFO - SAMPLING_RATE: 16000
2026-02-11 21:24:06,225 - INFO - N_FFT: 1024
2026-02-11 21:24:06,225 - INFO - HOP_LENGTH: 160
2026-02-11 21:24:06,225 - INFO - BATCH_SIZE: 32
2026-02-11 21:24:06,225 - INFO - EPOCHS: 100
2026-02-11 21:24:06,225 - INFO - LR: 0.001
2026-02-11 21:24:06,225 - INFO - ENCODER_LR: 0.001
2026-02-11 21:24:06,225 - INFO - FREEZE_ENCODER: False
2026-02-11 21:24:06,225 - INFO - LOSS: mse
2026-02-11 21:24:06,225 - INFO - HIDDEN_DIM: 128
2026-02-11 21:24:06,225 - INFO - DROPOUT: 0.0
2026-02-11 21:24:06,225 - INFO - TEST_SPLIT: 0.2
2026-02-11 21:24:06,225 - INFO - SEED: 42
2026-02-11 21:24:06,225 - INFO - OUTPUT_DIR: /home/jeong-lab/Documents/tobeson/traffic-analysis/outputs/speed_prediction/log_optuna_resnet18_loc1-6_v1
2026-02-11 21:24:06,274 - INFO - Using device: cuda
2026-02-11 21:24:06,750 - INFO - sample_spectrogram: speed 106, loc1, car, left
2026-02-11 21:24:16,025 - INFO - Speed stats -> count=1200 min=23.00 max=109.00 mean=51.56 std=20.82
2026-02-11 21:24:16,025 - INFO - feature range after normalisation: min=-77.740166 max=38.731632
2026-02-11 21:25:19,748 - INFO - Epoch 1/100 -> train_loss=1412.2169 val_loss=27755.2921
2026-02-11 21:25:19,780 - INFO - Updated best model (epoch 1, val_loss=27755.2921)
2026-02-11 21:26:22,497 - INFO - Epoch 2/100 -> train_loss=196.3158 val_loss=273.4026
2026-02-11 21:26:22,554 - INFO - Updated best model (epoch 2, val_loss=273.4026)
2026-02-11 21:27:25,359 - INFO - Epoch 3/100 -> train_loss=162.6732 val_loss=274.4953
2026-02-11 21:28:28,075 - INFO - Epoch 4/100 -> train_loss=144.4494 val_loss=539.0909
2026-02-11 21:29:30,746 - INFO - Epoch 5/100 -> train_loss=138.2199 val_loss=108.4207
2026-02-11 21:29:30,816 - INFO - Updated best model (epoch 5, val_loss=108.4207)
2026-02-11 21:30:33,474 - INFO - Epoch 6/100 -> train_loss=112.4261 val_loss=583.0441
2026-02-11 21:31:36,110 - INFO - Epoch 7/100 -> train_loss=97.4400 val_loss=397.0406
2026-02-11 21:32:38,772 - INFO - Epoch 8/100 -> train_loss=96.6312 val_loss=508.1837
2026-02-11 21:33:41,444 - INFO - Epoch 9/100 -> train_loss=87.3305 val_loss=291.1450
2026-02-11 21:34:44,085 - INFO - Epoch 10/100 -> train_loss=80.3616 val_loss=66.8059
2026-02-11 21:34:44,142 - INFO - Updated best model (epoch 10, val_loss=66.8059)
2026-02-11 21:35:46,778 - INFO - Epoch 11/100 -> train_loss=96.9089 val_loss=73.8058
2026-02-11 21:36:49,435 - INFO - Epoch 12/100 -> train_loss=69.5613 val_loss=72.4677
2026-02-11 21:37:52,074 - INFO - Epoch 13/100 -> train_loss=63.6464 val_loss=107.5942
2026-02-11 21:38:54,695 - INFO - Epoch 14/100 -> train_loss=59.4583 val_loss=95.6031
2026-02-11 21:39:57,356 - INFO - Epoch 15/100 -> train_loss=64.9161 val_loss=345.3018
2026-02-11 21:40:59,991 - INFO - Epoch 16/100 -> train_loss=70.4733 val_loss=73.2471
2026-02-11 21:42:02,643 - INFO - Epoch 17/100 -> train_loss=52.5043 val_loss=70.5763
2026-02-11 21:43:05,280 - INFO - Epoch 18/100 -> train_loss=51.6248 val_loss=61.8549
2026-02-11 21:43:05,336 - INFO - Updated best model (epoch 18, val_loss=61.8549)
2026-02-11 21:44:07,968 - INFO - Epoch 19/100 -> train_loss=42.1905 val_loss=59.0679
2026-02-11 21:44:08,024 - INFO - Updated best model (epoch 19, val_loss=59.0679)
2026-02-11 21:45:10,646 - INFO - Epoch 20/100 -> train_loss=48.3945 val_loss=59.4113
2026-02-11 21:46:13,317 - INFO - Epoch 21/100 -> train_loss=85.5056 val_loss=99.4975
2026-02-11 21:47:15,986 - INFO - Epoch 22/100 -> train_loss=62.0806 val_loss=1805.8050
2026-02-11 21:48:18,621 - INFO - Epoch 23/100 -> train_loss=56.0865 val_loss=61.3915
2026-02-11 21:49:21,253 - INFO - Epoch 24/100 -> train_loss=47.3328 val_loss=40.4189
2026-02-11 21:49:21,309 - INFO - Updated best model (epoch 24, val_loss=40.4189)
2026-02-11 21:50:23,956 - INFO - Epoch 25/100 -> train_loss=59.8088 val_loss=59.2416
2026-02-11 21:51:26,594 - INFO - Epoch 26/100 -> train_loss=52.3973 val_loss=284.8962
2026-02-11 21:52:29,236 - INFO - Epoch 27/100 -> train_loss=61.5403 val_loss=68.9137
2026-02-11 21:53:31,864 - INFO - Epoch 28/100 -> train_loss=45.2744 val_loss=58.2577
2026-02-11 21:54:34,481 - INFO - Epoch 29/100 -> train_loss=47.0670 val_loss=148.7311
2026-02-11 21:55:37,091 - INFO - Epoch 30/100 -> train_loss=52.8426 val_loss=62.1872
2026-02-11 21:56:39,727 - INFO - Epoch 31/100 -> train_loss=45.2717 val_loss=75.4330
2026-02-11 21:57:42,349 - INFO - Epoch 32/100 -> train_loss=47.4949 val_loss=32.8047
2026-02-11 21:57:42,405 - INFO - Updated best model (epoch 32, val_loss=32.8047)
2026-02-11 21:58:45,028 - INFO - Epoch 33/100 -> train_loss=40.7388 val_loss=281.4956
2026-02-11 21:59:47,655 - INFO - Epoch 34/100 -> train_loss=42.8325 val_loss=40.2755
2026-02-11 22:00:50,262 - INFO - Epoch 35/100 -> train_loss=45.0436 val_loss=32.2773
2026-02-11 22:00:50,319 - INFO - Updated best model (epoch 35, val_loss=32.2773)
2026-02-11 22:01:52,939 - INFO - Epoch 36/100 -> train_loss=48.2377 val_loss=30.0678
2026-02-11 22:01:52,996 - INFO - Updated best model (epoch 36, val_loss=30.0678)
2026-02-11 22:02:55,636 - INFO - Epoch 37/100 -> train_loss=39.5201 val_loss=80.2096
2026-02-11 22:03:58,269 - INFO - Epoch 38/100 -> train_loss=41.2585 val_loss=52.3744
2026-02-11 22:05:00,907 - INFO - Epoch 39/100 -> train_loss=44.2605 val_loss=42.0404
2026-02-11 22:06:03,541 - INFO - Epoch 40/100 -> train_loss=38.1368 val_loss=213.3018
2026-02-11 22:07:06,188 - INFO - Epoch 41/100 -> train_loss=52.9987 val_loss=382.5042
2026-02-11 22:08:08,823 - INFO - Epoch 42/100 -> train_loss=50.0674 val_loss=30.2106
2026-02-11 22:09:11,451 - INFO - Epoch 43/100 -> train_loss=42.5772 val_loss=161.2015
2026-02-11 22:10:14,071 - INFO - Epoch 44/100 -> train_loss=40.2549 val_loss=45.6072
2026-02-11 22:11:16,710 - INFO - Epoch 45/100 -> train_loss=47.8299 val_loss=235.9961
2026-02-11 22:12:19,319 - INFO - Epoch 46/100 -> train_loss=31.4458 val_loss=100.1878
2026-02-11 22:13:21,961 - INFO - Epoch 47/100 -> train_loss=35.2059 val_loss=51.9570
2026-02-11 22:14:24,588 - INFO - Epoch 48/100 -> train_loss=31.3249 val_loss=52.0642
2026-02-11 22:15:27,196 - INFO - Epoch 49/100 -> train_loss=44.8706 val_loss=78.4098
2026-02-11 22:16:29,820 - INFO - Epoch 50/100 -> train_loss=36.7064 val_loss=19.7135
2026-02-11 22:16:29,875 - INFO - Updated best model (epoch 50, val_loss=19.7135)
2026-02-11 22:17:32,494 - INFO - Epoch 51/100 -> train_loss=34.3477 val_loss=173.7621
2026-02-11 22:18:35,118 - INFO - Epoch 52/100 -> train_loss=43.9282 val_loss=119.7017
2026-02-11 22:19:37,763 - INFO - Epoch 53/100 -> train_loss=35.6001 val_loss=33.5554
2026-02-11 22:20:40,392 - INFO - Epoch 54/100 -> train_loss=33.7560 val_loss=27.9067
2026-02-11 22:21:43,011 - INFO - Epoch 55/100 -> train_loss=28.5511 val_loss=23.0433
2026-02-11 22:22:45,633 - INFO - Epoch 56/100 -> train_loss=30.3794 val_loss=23.1317
2026-02-11 22:23:48,271 - INFO - Epoch 57/100 -> train_loss=50.8372 val_loss=28.9618
2026-02-11 22:24:50,883 - INFO - Epoch 58/100 -> train_loss=35.7307 val_loss=27.5502
2026-02-11 22:25:53,532 - INFO - Epoch 59/100 -> train_loss=32.2530 val_loss=29.0121
2026-02-11 22:26:56,164 - INFO - Epoch 60/100 -> train_loss=36.6143 val_loss=25.9199
2026-02-11 22:27:58,801 - INFO - Epoch 61/100 -> train_loss=33.2802 val_loss=21.9570
2026-02-11 22:29:01,426 - INFO - Epoch 62/100 -> train_loss=34.1417 val_loss=17.7992
2026-02-11 22:29:01,483 - INFO - Updated best model (epoch 62, val_loss=17.7992)
2026-02-11 22:30:04,103 - INFO - Epoch 63/100 -> train_loss=45.5275 val_loss=30.0782
2026-02-11 22:31:06,722 - INFO - Epoch 64/100 -> train_loss=25.8983 val_loss=29.7899
2026-02-11 22:32:09,356 - INFO - Epoch 65/100 -> train_loss=22.9931 val_loss=29.0386
2026-02-11 22:33:12,016 - INFO - Epoch 66/100 -> train_loss=39.2594 val_loss=71.9462
2026-02-11 22:34:14,648 - INFO - Epoch 67/100 -> train_loss=37.5944 val_loss=23.1467
2026-02-11 22:35:17,299 - INFO - Epoch 68/100 -> train_loss=31.9865 val_loss=70.3545
2026-02-11 22:36:19,949 - INFO - Epoch 69/100 -> train_loss=21.3704 val_loss=24.2665
2026-02-11 22:37:22,587 - INFO - Epoch 70/100 -> train_loss=24.5840 val_loss=27.4085
2026-02-11 22:38:25,228 - INFO - Epoch 71/100 -> train_loss=30.1167 val_loss=122.7069
2026-02-11 22:39:27,875 - INFO - Epoch 72/100 -> train_loss=33.6766 val_loss=42.9290
2026-02-11 22:40:30,518 - INFO - Epoch 73/100 -> train_loss=25.6108 val_loss=36.5462
2026-02-11 22:41:33,160 - INFO - Epoch 74/100 -> train_loss=29.4188 val_loss=21.1472
2026-02-11 22:42:35,849 - INFO - Epoch 75/100 -> train_loss=34.9020 val_loss=58.3521
2026-02-11 22:43:38,495 - INFO - Epoch 76/100 -> train_loss=33.3067 val_loss=31.8237
2026-02-11 22:44:41,130 - INFO - Epoch 77/100 -> train_loss=21.5976 val_loss=65.8242
2026-02-11 22:45:43,777 - INFO - Epoch 78/100 -> train_loss=37.0806 val_loss=34.7747
2026-02-11 22:46:46,395 - INFO - Epoch 79/100 -> train_loss=42.1554 val_loss=77.8956
2026-02-11 22:47:49,012 - INFO - Epoch 80/100 -> train_loss=40.4135 val_loss=98.3627
2026-02-11 22:48:51,621 - INFO - Epoch 81/100 -> train_loss=32.3166 val_loss=62.1086
2026-02-11 22:49:54,254 - INFO - Epoch 82/100 -> train_loss=20.8492 val_loss=27.7316
2026-02-11 22:50:56,881 - INFO - Epoch 83/100 -> train_loss=22.8473 val_loss=22.3312
2026-02-11 22:51:59,500 - INFO - Epoch 84/100 -> train_loss=24.9566 val_loss=36.4631
2026-02-11 22:53:02,120 - INFO - Epoch 85/100 -> train_loss=27.4570 val_loss=37.1884
2026-02-11 22:54:04,758 - INFO - Epoch 86/100 -> train_loss=22.9901 val_loss=18.4934
2026-02-11 22:55:07,396 - INFO - Epoch 87/100 -> train_loss=20.0815 val_loss=23.4131
2026-02-11 22:56:10,028 - INFO - Epoch 88/100 -> train_loss=37.6435 val_loss=160.6305
2026-02-11 22:57:12,647 - INFO - Epoch 89/100 -> train_loss=24.8452 val_loss=103.5026
2026-02-11 22:58:15,271 - INFO - Epoch 90/100 -> train_loss=36.2858 val_loss=75.2480
2026-02-11 22:59:17,904 - INFO - Epoch 91/100 -> train_loss=38.9437 val_loss=39.6407
2026-02-11 23:00:20,519 - INFO - Epoch 92/100 -> train_loss=36.2655 val_loss=33.0298
2026-02-11 23:01:23,135 - INFO - Epoch 93/100 -> train_loss=22.2363 val_loss=21.6628
2026-02-11 23:02:25,775 - INFO - Epoch 94/100 -> train_loss=23.8922 val_loss=20.1602
2026-02-11 23:03:28,391 - INFO - Epoch 95/100 -> train_loss=25.2722 val_loss=43.3769
2026-02-11 23:04:31,025 - INFO - Epoch 96/100 -> train_loss=22.0278 val_loss=26.5096
2026-02-11 23:05:33,645 - INFO - Epoch 97/100 -> train_loss=23.1441 val_loss=23.5419
2026-02-11 23:06:36,282 - INFO - Epoch 98/100 -> train_loss=26.6043 val_loss=56.5516
2026-02-11 23:07:38,916 - INFO - Epoch 99/100 -> train_loss=16.2528 val_loss=76.3835
2026-02-11 23:08:41,545 - INFO - Epoch 100/100 -> train_loss=24.3453 val_loss=23.9740
2026-02-11 23:08:41,574 - INFO - Saved last model to /home/jeong-lab/Documents/tobeson/traffic-analysis/outputs/speed_prediction/log_optuna_resnet18_loc1-6_v1/last_speed_regressor_mse.pth
2026-02-11 23:08:41,646 - INFO - Saved loss curve to /home/jeong-lab/Documents/tobeson/traffic-analysis/outputs/speed_prediction/log_optuna_resnet18_loc1-6_v1/loss_curve.png
2026-02-11 23:08:41,662 - INFO - Loaded best checkpoint from epoch 62
2026-02-11 23:08:41,662 - INFO - Evaluating best model on training set…
2026-02-11 23:08:55,713 - INFO - Saved predictions to /home/jeong-lab/Documents/tobeson/traffic-analysis/outputs/speed_prediction/log_optuna_resnet18_loc1-6_v1/train_predictions_mse.csv
2026-02-11 23:08:55,713 - INFO - Train metrics -> count=960 MAE=2.7213 RMSE=3.4315 ME=-0.0926 R2=0.9734 MAPE=5.87%
2026-02-11 23:08:55,715 - INFO - Train fit equation: y = -1.52298e-05 * x^3 + 0.0034762 * x^2 + 0.727411 * x + 6.4477
2026-02-11 23:08:55,715 - INFO - Evaluating best model on validation set…
2026-02-11 23:08:59,228 - INFO - Saved predictions to /home/jeong-lab/Documents/tobeson/traffic-analysis/outputs/speed_prediction/log_optuna_resnet18_loc1-6_v1/val_predictions_mse.csv
2026-02-11 23:08:59,228 - INFO - Val metrics -> count=240 MAE=3.3489 RMSE=4.2189 ME=-0.2269 R2=0.9547 MAPE=7.09%
2026-02-11 23:08:59,228 - INFO - Val fit equation: y = -4.03612e-05 * x^3 + 0.00894174 * x^2 + 0.35671 * x + 13.833
2026-02-11 23:08:59,228 - INFO - Final losses -> train=11.7749 val=17.7992
2026-02-11 23:08:59,309 - INFO - Saved scatter plot to /home/jeong-lab/Documents/tobeson/traffic-analysis/outputs/speed_prediction/log_optuna_resnet18_loc1-6_v1/train_scatter_mse.png
2026-02-11 23:08:59,393 - INFO - Saved scatter plot to /home/jeong-lab/Documents/tobeson/traffic-analysis/outputs/speed_prediction/log_optuna_resnet18_loc1-6_v1/val_scatter_mse.png
