2026-02-11 23:35:19,576 - INFO - Using pretrained encoder weights: ./outputs/optuna_studies/cont_optuna_resnet18_loc1-6_v1/best_encoder_resnet18.pth
2026-02-11 23:35:19,576 - INFO - Hyperparameters:
2026-02-11 23:35:19,577 - INFO - MODEL: resnet18
2026-02-11 23:35:19,577 - INFO - DATA_SELECTION: loc1-6
2026-02-11 23:35:19,577 - INFO - DATA_CSV_PATH: ./data/processed/datasets/data_1-6.csv
2026-02-11 23:35:19,577 - INFO - MAIN_DATA_DIR: ./data/processed/datasets
2026-02-11 23:35:19,577 - INFO - REPRESENTATION: spectrogram
2026-02-11 23:35:19,577 - INFO - MEL: OFF
2026-02-11 23:35:19,577 - INFO - SAMPLING_RATE: 16000
2026-02-11 23:35:19,577 - INFO - N_FFT: 1024
2026-02-11 23:35:19,577 - INFO - HOP_LENGTH: 160
2026-02-11 23:35:19,577 - INFO - BATCH_SIZE: 32
2026-02-11 23:35:19,577 - INFO - EPOCHS: 100
2026-02-11 23:35:19,577 - INFO - LR: 0.001
2026-02-11 23:35:19,577 - INFO - ENCODER_LR: 0.001
2026-02-11 23:35:19,577 - INFO - FREEZE_ENCODER: False
2026-02-11 23:35:19,577 - INFO - LOSS: mse
2026-02-11 23:35:19,577 - INFO - HIDDEN_DIM: 128
2026-02-11 23:35:19,577 - INFO - DROPOUT: 0.0
2026-02-11 23:35:19,577 - INFO - TEST_SPLIT: 0.2
2026-02-11 23:35:19,577 - INFO - SEED: 42
2026-02-11 23:35:19,577 - INFO - OUTPUT_DIR: /home/jeong-lab/Documents/tobeson/traffic-analysis/outputs/speed_prediction/cont_optuna_resnet18_loc1-6_v1
2026-02-11 23:35:19,627 - INFO - Using device: cuda
2026-02-11 23:35:20,104 - INFO - sample_spectrogram: speed 106, loc1, car, left
2026-02-11 23:35:29,361 - INFO - Speed stats -> count=1200 min=23.00 max=109.00 mean=51.56 std=20.82
2026-02-11 23:35:29,362 - INFO - feature range after normalisation: min=-77.740166 max=38.731632
2026-02-11 23:36:24,921 - INFO - Epoch 1/100 -> train_loss=1196.5275 val_loss=6244.2672
2026-02-11 23:36:24,950 - INFO - Updated best model (epoch 1, val_loss=6244.2672)
2026-02-11 23:37:17,672 - INFO - Epoch 2/100 -> train_loss=187.5188 val_loss=245.6915
2026-02-11 23:37:17,727 - INFO - Updated best model (epoch 2, val_loss=245.6915)
2026-02-11 23:38:10,537 - INFO - Epoch 3/100 -> train_loss=170.7416 val_loss=131.2062
2026-02-11 23:38:10,592 - INFO - Updated best model (epoch 3, val_loss=131.2062)
2026-02-11 23:39:03,427 - INFO - Epoch 4/100 -> train_loss=151.2904 val_loss=117.0220
2026-02-11 23:39:03,482 - INFO - Updated best model (epoch 4, val_loss=117.0220)
2026-02-11 23:39:56,320 - INFO - Epoch 5/100 -> train_loss=132.0233 val_loss=117.0026
2026-02-11 23:39:56,376 - INFO - Updated best model (epoch 5, val_loss=117.0026)
2026-02-11 23:40:49,157 - INFO - Epoch 6/100 -> train_loss=130.6608 val_loss=178.9524
2026-02-11 23:41:41,929 - INFO - Epoch 7/100 -> train_loss=122.9007 val_loss=104.4558
2026-02-11 23:41:41,984 - INFO - Updated best model (epoch 7, val_loss=104.4558)
2026-02-11 23:42:34,754 - INFO - Epoch 8/100 -> train_loss=108.3983 val_loss=105.6139
2026-02-11 23:43:27,512 - INFO - Epoch 9/100 -> train_loss=104.5208 val_loss=72.2228
2026-02-11 23:43:27,567 - INFO - Updated best model (epoch 9, val_loss=72.2228)
2026-02-11 23:44:20,331 - INFO - Epoch 10/100 -> train_loss=87.3398 val_loss=72.9204
2026-02-11 23:45:13,102 - INFO - Epoch 11/100 -> train_loss=115.8283 val_loss=159.1528
2026-02-11 23:46:05,870 - INFO - Epoch 12/100 -> train_loss=71.7421 val_loss=52.5980
2026-02-11 23:46:05,925 - INFO - Updated best model (epoch 12, val_loss=52.5980)
2026-02-11 23:46:58,689 - INFO - Epoch 13/100 -> train_loss=65.9209 val_loss=59.1077
2026-02-11 23:47:51,462 - INFO - Epoch 14/100 -> train_loss=63.2040 val_loss=74.5938
2026-02-11 23:48:44,249 - INFO - Epoch 15/100 -> train_loss=69.0284 val_loss=45.8741
2026-02-11 23:48:44,305 - INFO - Updated best model (epoch 15, val_loss=45.8741)
2026-02-11 23:49:37,085 - INFO - Epoch 16/100 -> train_loss=64.5313 val_loss=60.4392
2026-02-11 23:50:29,856 - INFO - Epoch 17/100 -> train_loss=51.3183 val_loss=43.7892
2026-02-11 23:50:29,912 - INFO - Updated best model (epoch 17, val_loss=43.7892)
2026-02-11 23:51:22,681 - INFO - Epoch 18/100 -> train_loss=49.0882 val_loss=82.8520
2026-02-11 23:52:15,446 - INFO - Epoch 19/100 -> train_loss=40.8817 val_loss=46.0480
2026-02-11 23:53:08,210 - INFO - Epoch 20/100 -> train_loss=45.2269 val_loss=71.6386
2026-02-11 23:54:00,970 - INFO - Epoch 21/100 -> train_loss=80.9997 val_loss=215.2455
2026-02-11 23:54:53,755 - INFO - Epoch 22/100 -> train_loss=64.0245 val_loss=92.6208
2026-02-11 23:55:46,528 - INFO - Epoch 23/100 -> train_loss=52.1334 val_loss=34.8412
2026-02-11 23:55:46,583 - INFO - Updated best model (epoch 23, val_loss=34.8412)
2026-02-11 23:56:39,351 - INFO - Epoch 24/100 -> train_loss=42.1468 val_loss=37.2384
2026-02-11 23:57:32,131 - INFO - Epoch 25/100 -> train_loss=57.7886 val_loss=32.8992
2026-02-11 23:57:32,201 - INFO - Updated best model (epoch 25, val_loss=32.8992)
2026-02-11 23:58:24,972 - INFO - Epoch 26/100 -> train_loss=49.4109 val_loss=32.1873
2026-02-11 23:58:25,028 - INFO - Updated best model (epoch 26, val_loss=32.1873)
2026-02-11 23:59:17,808 - INFO - Epoch 27/100 -> train_loss=54.5140 val_loss=28.2064
2026-02-11 23:59:17,863 - INFO - Updated best model (epoch 27, val_loss=28.2064)
2026-02-12 00:00:10,638 - INFO - Epoch 28/100 -> train_loss=39.1883 val_loss=42.7834
2026-02-12 00:01:03,408 - INFO - Epoch 29/100 -> train_loss=38.6762 val_loss=117.5472
2026-02-12 00:01:56,169 - INFO - Epoch 30/100 -> train_loss=47.0047 val_loss=34.6015
2026-02-12 00:02:48,924 - INFO - Epoch 31/100 -> train_loss=36.7054 val_loss=29.0086
2026-02-12 00:03:41,697 - INFO - Epoch 32/100 -> train_loss=39.5878 val_loss=26.8233
2026-02-12 00:03:41,753 - INFO - Updated best model (epoch 32, val_loss=26.8233)
2026-02-12 00:04:34,537 - INFO - Epoch 33/100 -> train_loss=32.0630 val_loss=34.4942
2026-02-12 00:05:27,314 - INFO - Epoch 34/100 -> train_loss=34.7500 val_loss=25.3731
2026-02-12 00:05:27,370 - INFO - Updated best model (epoch 34, val_loss=25.3731)
2026-02-12 00:06:20,152 - INFO - Epoch 35/100 -> train_loss=36.4880 val_loss=39.1403
2026-02-12 00:07:12,902 - INFO - Epoch 36/100 -> train_loss=38.4831 val_loss=39.8816
2026-02-12 00:08:05,682 - INFO - Epoch 37/100 -> train_loss=30.5821 val_loss=25.5683
2026-02-12 00:08:58,459 - INFO - Epoch 38/100 -> train_loss=33.6666 val_loss=26.3649
2026-02-12 00:09:51,230 - INFO - Epoch 39/100 -> train_loss=34.1378 val_loss=36.4920
2026-02-12 00:10:44,012 - INFO - Epoch 40/100 -> train_loss=27.7250 val_loss=75.5645
2026-02-12 00:11:36,774 - INFO - Epoch 41/100 -> train_loss=46.1733 val_loss=36.7136
2026-02-12 00:12:29,548 - INFO - Epoch 42/100 -> train_loss=39.0146 val_loss=30.6433
2026-02-12 00:13:22,340 - INFO - Epoch 43/100 -> train_loss=30.9076 val_loss=40.4273
2026-02-12 00:14:15,124 - INFO - Epoch 44/100 -> train_loss=30.1871 val_loss=25.7705
2026-02-12 00:15:07,891 - INFO - Epoch 45/100 -> train_loss=36.1418 val_loss=78.1625
2026-02-12 00:16:00,651 - INFO - Epoch 46/100 -> train_loss=23.8351 val_loss=23.1933
2026-02-12 00:16:00,707 - INFO - Updated best model (epoch 46, val_loss=23.1933)
2026-02-12 00:16:53,471 - INFO - Epoch 47/100 -> train_loss=24.9106 val_loss=20.7261
2026-02-12 00:16:53,527 - INFO - Updated best model (epoch 47, val_loss=20.7261)
2026-02-12 00:17:46,290 - INFO - Epoch 48/100 -> train_loss=22.3308 val_loss=32.3198
2026-02-12 00:18:39,076 - INFO - Epoch 49/100 -> train_loss=35.4066 val_loss=135.1588
2026-02-12 00:19:31,843 - INFO - Epoch 50/100 -> train_loss=26.9321 val_loss=35.5519
2026-02-12 00:20:24,628 - INFO - Epoch 51/100 -> train_loss=26.0386 val_loss=26.8482
2026-02-12 00:21:17,402 - INFO - Epoch 52/100 -> train_loss=28.3273 val_loss=69.7881
2026-02-12 00:22:10,193 - INFO - Epoch 53/100 -> train_loss=22.9501 val_loss=24.3507
2026-02-12 00:23:02,979 - INFO - Epoch 54/100 -> train_loss=21.4105 val_loss=111.8491
2026-02-12 00:23:55,755 - INFO - Epoch 55/100 -> train_loss=16.7920 val_loss=65.4690
2026-02-12 00:24:48,518 - INFO - Epoch 56/100 -> train_loss=17.3253 val_loss=62.5750
2026-02-12 00:25:41,294 - INFO - Epoch 57/100 -> train_loss=36.8457 val_loss=136.4846
2026-02-12 00:26:34,081 - INFO - Epoch 58/100 -> train_loss=24.6883 val_loss=27.0345
2026-02-12 00:27:26,869 - INFO - Epoch 59/100 -> train_loss=21.8496 val_loss=26.1566
2026-02-12 00:28:19,662 - INFO - Epoch 60/100 -> train_loss=24.4199 val_loss=122.9874
2026-02-12 00:29:12,417 - INFO - Epoch 61/100 -> train_loss=24.2556 val_loss=28.2339
2026-02-12 00:30:05,200 - INFO - Epoch 62/100 -> train_loss=22.1311 val_loss=29.0241
2026-02-12 00:30:57,980 - INFO - Epoch 63/100 -> train_loss=36.3671 val_loss=34.0971
2026-02-12 00:31:50,758 - INFO - Epoch 64/100 -> train_loss=19.2708 val_loss=44.2498
2026-02-12 00:32:43,535 - INFO - Epoch 65/100 -> train_loss=13.8860 val_loss=27.6155
2026-02-12 00:33:36,310 - INFO - Epoch 66/100 -> train_loss=28.1612 val_loss=32.6148
2026-02-12 00:34:29,077 - INFO - Epoch 67/100 -> train_loss=28.3747 val_loss=29.6987
2026-02-12 00:35:21,858 - INFO - Epoch 68/100 -> train_loss=22.7857 val_loss=98.1329
2026-02-12 00:36:14,647 - INFO - Epoch 69/100 -> train_loss=12.1356 val_loss=24.8186
2026-02-12 00:37:07,437 - INFO - Epoch 70/100 -> train_loss=16.2382 val_loss=25.0434
2026-02-12 00:38:00,221 - INFO - Epoch 71/100 -> train_loss=20.7827 val_loss=31.3046
2026-02-12 00:38:53,016 - INFO - Epoch 72/100 -> train_loss=21.5127 val_loss=34.7022
2026-02-12 00:39:45,781 - INFO - Epoch 73/100 -> train_loss=16.1945 val_loss=28.9361
2026-02-12 00:40:38,565 - INFO - Epoch 74/100 -> train_loss=21.4975 val_loss=54.0425
2026-02-12 00:41:31,354 - INFO - Epoch 75/100 -> train_loss=25.9173 val_loss=91.0794
2026-02-12 00:42:24,138 - INFO - Epoch 76/100 -> train_loss=23.8571 val_loss=67.0827
2026-02-12 00:43:16,907 - INFO - Epoch 77/100 -> train_loss=13.7041 val_loss=48.2370
2026-02-12 00:44:09,661 - INFO - Epoch 78/100 -> train_loss=24.2513 val_loss=33.6646
2026-02-12 00:45:02,443 - INFO - Epoch 79/100 -> train_loss=33.6097 val_loss=28.0113
2026-02-12 00:45:55,222 - INFO - Epoch 80/100 -> train_loss=31.2193 val_loss=29.9549
2026-02-12 00:46:47,996 - INFO - Epoch 81/100 -> train_loss=22.8524 val_loss=108.1143
2026-02-12 00:47:40,753 - INFO - Epoch 82/100 -> train_loss=12.3452 val_loss=79.0462
2026-02-12 00:48:33,520 - INFO - Epoch 83/100 -> train_loss=14.0386 val_loss=24.5180
2026-02-12 00:49:26,276 - INFO - Epoch 84/100 -> train_loss=17.6491 val_loss=39.1908
2026-02-12 00:50:19,048 - INFO - Epoch 85/100 -> train_loss=16.6772 val_loss=24.4599
2026-02-12 00:51:11,802 - INFO - Epoch 86/100 -> train_loss=15.7167 val_loss=31.8799
2026-02-12 00:52:04,573 - INFO - Epoch 87/100 -> train_loss=13.5245 val_loss=42.8480
2026-02-12 00:52:57,336 - INFO - Epoch 88/100 -> train_loss=25.5698 val_loss=113.5098
2026-02-12 00:53:50,113 - INFO - Epoch 89/100 -> train_loss=20.4300 val_loss=43.3980
2026-02-12 00:54:42,866 - INFO - Epoch 90/100 -> train_loss=20.9244 val_loss=354.2585
2026-02-12 00:55:35,630 - INFO - Epoch 91/100 -> train_loss=27.5757 val_loss=123.4112
2026-02-12 00:56:28,396 - INFO - Epoch 92/100 -> train_loss=23.1553 val_loss=49.8766
2026-02-12 00:57:21,165 - INFO - Epoch 93/100 -> train_loss=13.4489 val_loss=31.0218
2026-02-12 00:58:13,930 - INFO - Epoch 94/100 -> train_loss=15.8520 val_loss=53.3931
2026-02-12 00:59:06,708 - INFO - Epoch 95/100 -> train_loss=16.1386 val_loss=43.1706
2026-02-12 00:59:59,470 - INFO - Epoch 96/100 -> train_loss=16.7348 val_loss=28.5772
2026-02-12 01:00:52,222 - INFO - Epoch 97/100 -> train_loss=16.9140 val_loss=27.2607
2026-02-12 01:01:44,976 - INFO - Epoch 98/100 -> train_loss=19.0424 val_loss=30.3730
2026-02-12 01:02:37,737 - INFO - Epoch 99/100 -> train_loss=12.1472 val_loss=32.1966
2026-02-12 01:03:30,483 - INFO - Epoch 100/100 -> train_loss=15.7657 val_loss=27.4875
2026-02-12 01:03:30,512 - INFO - Saved last model to /home/jeong-lab/Documents/tobeson/traffic-analysis/outputs/speed_prediction/cont_optuna_resnet18_loc1-6_v1/last_speed_regressor_mse.pth
2026-02-12 01:03:30,587 - INFO - Saved loss curve to /home/jeong-lab/Documents/tobeson/traffic-analysis/outputs/speed_prediction/cont_optuna_resnet18_loc1-6_v1/loss_curve.png
2026-02-12 01:03:30,603 - INFO - Loaded best checkpoint from epoch 47
2026-02-12 01:03:30,603 - INFO - Evaluating best model on training set…
2026-02-12 01:03:44,599 - INFO - Saved predictions to /home/jeong-lab/Documents/tobeson/traffic-analysis/outputs/speed_prediction/cont_optuna_resnet18_loc1-6_v1/train_predictions_mse.csv
2026-02-12 01:03:44,599 - INFO - Train metrics -> count=960 MAE=2.2224 RMSE=2.8292 ME=0.2753 R2=0.9819 MAPE=4.96%
2026-02-12 01:03:44,600 - INFO - Train fit equation: y = -2.20672e-05 * x^3 + 0.00394779 * x^2 + 0.766757 * x + 4.77851
2026-02-12 01:03:44,600 - INFO - Evaluating best model on validation set…
2026-02-12 01:03:48,099 - INFO - Saved predictions to /home/jeong-lab/Documents/tobeson/traffic-analysis/outputs/speed_prediction/cont_optuna_resnet18_loc1-6_v1/val_predictions_mse.csv
2026-02-12 01:03:48,099 - INFO - Val metrics -> count=240 MAE=3.4218 RMSE=4.5526 ME=-0.1100 R2=0.9473 MAPE=7.26%
2026-02-12 01:03:48,099 - INFO - Val fit equation: y = -1.59417e-05 * x^3 + 0.0032468 * x^2 + 0.732139 * x + 6.97951
2026-02-12 01:03:48,099 - INFO - Final losses -> train=8.0042 val=20.7261
2026-02-12 01:03:48,181 - INFO - Saved scatter plot to /home/jeong-lab/Documents/tobeson/traffic-analysis/outputs/speed_prediction/cont_optuna_resnet18_loc1-6_v1/train_scatter_mse.png
2026-02-12 01:03:48,257 - INFO - Saved scatter plot to /home/jeong-lab/Documents/tobeson/traffic-analysis/outputs/speed_prediction/cont_optuna_resnet18_loc1-6_v1/val_scatter_mse.png
